-Xajruntimetarget:1.5
-9
-encoding
UTF-8
-source
9
-target
9
-classpath
/Users/sannies/.m2/repository/org/aspectj/aspectjrt/1.9.7/aspectjrt-1.9.7.jar:/Users/sannies/.m2/repository/org/slf4j/slf4j-api/1.8.0-beta4/slf4j-api-1.8.0-beta4.jar:/Users/sannies/.m2/repository/junit/junit/4.12/junit-4.12.jar:/Users/sannies/.m2/repository/org/hamcrest/hamcrest-core/1.3/hamcrest-core-1.3.jar:/Users/sannies/.m2/repository/org/slf4j/slf4j-simple/1.8.0-beta4/slf4j-simple-1.8.0-beta4.jar:/Users/sannies/.m2/repository/commons-io/commons-io/2.5/commons-io-2.5.jar:/Users/sannies/.m2/repository/commons-codec/commons-codec/1.10/commons-codec-1.10.jar:/Users/sannies/dev/mp4parser/target/checkout/isoparser/target/classes
-d
/Users/sannies/dev/mp4parser/target/checkout/isoparser/target/classes
-s
/Users/sannies/dev/mp4parser/target/checkout/isoparser/target/generated-sources/aspectj-maven-plugin
/Users/sannies/dev/mp4parser/target/checkout/isoparser/src/main/java/org/mp4parser/tools/RangeStartMap.java
/Users/sannies/dev/mp4parser/target/checkout/isoparser/src/main/java/org/mp4parser/tools/Ascii.java
/Users/sannies/dev/mp4parser/target/checkout/isoparser/src/main/java/org/mp4parser/tools/CastUtils.java
/Users/sannies/dev/mp4parser/target/checkout/isoparser/src/main/java/org/mp4parser/tools/Hex.java
/Users/sannies/dev/mp4parser/target/checkout/isoparser/src/main/java/org/mp4parser/tools/ByteBufferByteChannel.java
/Users/sannies/dev/mp4parser/target/checkout/isoparser/src/main/java/org/mp4parser/tools/Mp4Arrays.java
/Users/sannies/dev/mp4parser/target/checkout/isoparser/src/main/java/org/mp4parser/tools/Utf8.java
/Users/sannies/dev/mp4parser/target/checkout/isoparser/src/main/java/org/mp4parser/tools/DateHelper.java
/Users/sannies/dev/mp4parser/target/checkout/isoparser/src/main/java/org/mp4parser/tools/IsoTypeWriter.java
/Users/sannies/dev/mp4parser/target/checkout/isoparser/src/main/java/org/mp4parser/tools/IsoTypeReader.java
/Users/sannies/dev/mp4parser/target/checkout/isoparser/src/main/java/org/mp4parser/tools/IsoTypeWriterVariable.java
/Users/sannies/dev/mp4parser/target/checkout/isoparser/src/main/java/org/mp4parser/tools/UUIDConverter.java
/Users/sannies/dev/mp4parser/target/checkout/isoparser/src/main/java/org/mp4parser/tools/Mp4Math.java
/Users/sannies/dev/mp4parser/target/checkout/isoparser/src/main/java/org/mp4parser/tools/Offsets.java
/Users/sannies/dev/mp4parser/target/checkout/isoparser/src/main/java/org/mp4parser/tools/Path.java
/Users/sannies/dev/mp4parser/target/checkout/isoparser/src/main/java/org/mp4parser/tools/IsoTypeReaderVariable.java
/Users/sannies/dev/mp4parser/target/checkout/isoparser/src/main/java/org/mp4parser/AbstractBoxParser.java
/Users/sannies/dev/mp4parser/target/checkout/isoparser/src/main/java/org/mp4parser/PropertyBoxParserImpl.java
/Users/sannies/dev/mp4parser/target/checkout/isoparser/src/main/java/org/mp4parser/RewindableReadableByteChannel.java
/Users/sannies/dev/mp4parser/target/checkout/isoparser/src/main/java/org/mp4parser/IsoFile.java
/Users/sannies/dev/mp4parser/target/checkout/isoparser/src/main/java/org/mp4parser/Container.java
/Users/sannies/dev/mp4parser/target/checkout/isoparser/src/main/java/org/mp4parser/SkipBox.java
/Users/sannies/dev/mp4parser/target/checkout/isoparser/src/main/java/org/mp4parser/support/AbstractContainerBox.java
/Users/sannies/dev/mp4parser/target/checkout/isoparser/src/main/java/org/mp4parser/support/AbstractBox.java
/Users/sannies/dev/mp4parser/target/checkout/isoparser/src/main/java/org/mp4parser/support/BoxComparator.java
/Users/sannies/dev/mp4parser/target/checkout/isoparser/src/main/java/org/mp4parser/support/Matrix.java
/Users/sannies/dev/mp4parser/target/checkout/isoparser/src/main/java/org/mp4parser/support/AbstractFullBox.java
/Users/sannies/dev/mp4parser/target/checkout/isoparser/src/main/java/org/mp4parser/support/ParseDetail.java
/Users/sannies/dev/mp4parser/target/checkout/isoparser/src/main/java/org/mp4parser/support/RequiresParseDetailAspect.java
/Users/sannies/dev/mp4parser/target/checkout/isoparser/src/main/java/org/mp4parser/support/FullContainerBox.java
/Users/sannies/dev/mp4parser/target/checkout/isoparser/src/main/java/org/mp4parser/support/DoNotParseDetail.java
/Users/sannies/dev/mp4parser/target/checkout/isoparser/src/main/java/org/mp4parser/ParsableBox.java
/Users/sannies/dev/mp4parser/target/checkout/isoparser/src/main/java/org/mp4parser/BoxParser.java
/Users/sannies/dev/mp4parser/target/checkout/isoparser/src/main/java/org/mp4parser/FullBox.java
/Users/sannies/dev/mp4parser/target/checkout/isoparser/src/main/java/org/mp4parser/BasicContainer.java
/Users/sannies/dev/mp4parser/target/checkout/isoparser/src/main/java/org/mp4parser/Box.java
/Users/sannies/dev/mp4parser/target/checkout/isoparser/src/main/java/org/mp4parser/Version.java
/Users/sannies/dev/mp4parser/target/checkout/isoparser/src/main/java/org/mp4parser/boxes/apple/AppleNameBox.java
/Users/sannies/dev/mp4parser/target/checkout/isoparser/src/main/java/org/mp4parser/boxes/apple/AppleArtistBox.java
/Users/sannies/dev/mp4parser/target/checkout/isoparser/src/main/java/org/mp4parser/boxes/apple/AppleTVEpisodeNumberBox.java
/Users/sannies/dev/mp4parser/target/checkout/isoparser/src/main/java/org/mp4parser/boxes/apple/AppleTVShowBox.java
/Users/sannies/dev/mp4parser/target/checkout/isoparser/src/main/java/org/mp4parser/boxes/apple/AppleGaplessPlaybackBox.java
/Users/sannies/dev/mp4parser/target/checkout/isoparser/src/main/java/org/mp4parser/boxes/apple/AppleVariableSignedIntegerBox.java
/Users/sannies/dev/mp4parser/target/checkout/isoparser/src/main/java/org/mp4parser/boxes/apple/AppleDiskNumberBox.java
/Users/sannies/dev/mp4parser/target/checkout/isoparser/src/main/java/org/mp4parser/boxes/apple/AppleLyricsBox.java
/Users/sannies/dev/mp4parser/target/checkout/isoparser/src/main/java/org/mp4parser/boxes/apple/GenericMediaHeaderAtom.java
/Users/sannies/dev/mp4parser/target/checkout/isoparser/src/main/java/org/mp4parser/boxes/apple/AppleTrackAuthorBox.java
/Users/sannies/dev/mp4parser/target/checkout/isoparser/src/main/java/org/mp4parser/boxes/apple/CleanApertureAtom.java
/Users/sannies/dev/mp4parser/target/checkout/isoparser/src/main/java/org/mp4parser/boxes/apple/AppleDescriptionBox.java
/Users/sannies/dev/mp4parser/target/checkout/isoparser/src/main/java/org/mp4parser/boxes/apple/BaseMediaInfoAtom.java
/Users/sannies/dev/mp4parser/target/checkout/isoparser/src/main/java/org/mp4parser/boxes/apple/TrackApertureModeDimensionAtom.java
/Users/sannies/dev/mp4parser/target/checkout/isoparser/src/main/java/org/mp4parser/boxes/apple/AppleTVEpisodeBox.java
/Users/sannies/dev/mp4parser/target/checkout/isoparser/src/main/java/org/mp4parser/boxes/apple/AppleCompilationBox.java
/Users/sannies/dev/mp4parser/target/checkout/isoparser/src/main/java/org/mp4parser/boxes/apple/GenericMediaHeaderTextAtom.java
/Users/sannies/dev/mp4parser/target/checkout/isoparser/src/main/java/org/mp4parser/boxes/apple/AppleSortAlbumBox.java
/Users/sannies/dev/mp4parser/target/checkout/isoparser/src/main/java/org/mp4parser/boxes/apple/AppleCommentBox.java
/Users/sannies/dev/mp4parser/target/checkout/isoparser/src/main/java/org/mp4parser/boxes/apple/AppleGenreIDBox.java
/Users/sannies/dev/mp4parser/target/checkout/isoparser/src/main/java/org/mp4parser/boxes/apple/AppleAppleIdBox.java
/Users/sannies/dev/mp4parser/target/checkout/isoparser/src/main/java/org/mp4parser/boxes/apple/AppleTempoBox.java
/Users/sannies/dev/mp4parser/target/checkout/isoparser/src/main/java/org/mp4parser/boxes/apple/Apple_flvr_Box.java
/Users/sannies/dev/mp4parser/target/checkout/isoparser/src/main/java/org/mp4parser/boxes/apple/AppleTVSeasonBox.java
/Users/sannies/dev/mp4parser/target/checkout/isoparser/src/main/java/org/mp4parser/boxes/apple/AppleDataRateBox.java
/Users/sannies/dev/mp4parser/target/checkout/isoparser/src/main/java/org/mp4parser/boxes/apple/QuicktimeTextSampleEntry.java
/Users/sannies/dev/mp4parser/target/checkout/isoparser/src/main/java/org/mp4parser/boxes/apple/AppleGenreBox.java
/Users/sannies/dev/mp4parser/target/checkout/isoparser/src/main/java/org/mp4parser/boxes/apple/AppleCoverBox.java
/Users/sannies/dev/mp4parser/target/checkout/isoparser/src/main/java/org/mp4parser/boxes/apple/TrackEncodedPixelsDimensionsAtom.java
/Users/sannies/dev/mp4parser/target/checkout/isoparser/src/main/java/org/mp4parser/boxes/apple/Apple_xid_Box.java
/Users/sannies/dev/mp4parser/target/checkout/isoparser/src/main/java/org/mp4parser/boxes/apple/AppleRecordingYear2Box.java
/Users/sannies/dev/mp4parser/target/checkout/isoparser/src/main/java/org/mp4parser/boxes/apple/Apple_geIDBox.java
/Users/sannies/dev/mp4parser/target/checkout/isoparser/src/main/java/org/mp4parser/boxes/apple/AppleMediaTypeBox.java
/Users/sannies/dev/mp4parser/target/checkout/isoparser/src/main/java/org/mp4parser/boxes/apple/ApplePurchaseDateBox.java
/Users/sannies/dev/mp4parser/target/checkout/isoparser/src/main/java/org/mp4parser/boxes/apple/AppleTVNetworkBox.java
/Users/sannies/dev/mp4parser/target/checkout/isoparser/src/main/java/org/mp4parser/boxes/apple/TrackLoadSettingsAtom.java
/Users/sannies/dev/mp4parser/target/checkout/isoparser/src/main/java/org/mp4parser/boxes/apple/AppleCopyrightBox.java
/Users/sannies/dev/mp4parser/target/checkout/isoparser/src/main/java/org/mp4parser/boxes/apple/AppleWaveBox.java
/Users/sannies/dev/mp4parser/target/checkout/isoparser/src/main/java/org/mp4parser/boxes/apple/AppleAlbumBox.java
/Users/sannies/dev/mp4parser/target/checkout/isoparser/src/main/java/org/mp4parser/boxes/apple/Utf8AppleDataBox.java
/Users/sannies/dev/mp4parser/target/checkout/isoparser/src/main/java/org/mp4parser/boxes/apple/PixelAspectRationAtom.java
/Users/sannies/dev/mp4parser/target/checkout/isoparser/src/main/java/org/mp4parser/boxes/apple/TimeCodeBox.java
/Users/sannies/dev/mp4parser/target/checkout/isoparser/src/main/java/org/mp4parser/boxes/apple/AppleTrackNumberBox.java
/Users/sannies/dev/mp4parser/target/checkout/isoparser/src/main/java/org/mp4parser/boxes/apple/TrackProductionApertureDimensionsAtom.java
/Users/sannies/dev/mp4parser/target/checkout/isoparser/src/main/java/org/mp4parser/boxes/apple/AppleReferenceMovieDescriptorBox.java
/Users/sannies/dev/mp4parser/target/checkout/isoparser/src/main/java/org/mp4parser/boxes/apple/AppleReferenceMovieBox.java
/Users/sannies/dev/mp4parser/target/checkout/isoparser/src/main/java/org/mp4parser/boxes/apple/AppleItemListBox.java
/Users/sannies/dev/mp4parser/target/checkout/isoparser/src/main/java/org/mp4parser/boxes/apple/AppleCountryTypeBoxBox.java
/Users/sannies/dev/mp4parser/target/checkout/isoparser/src/main/java/org/mp4parser/boxes/apple/AppleArtist2Box.java
/Users/sannies/dev/mp4parser/target/checkout/isoparser/src/main/java/org/mp4parser/boxes/apple/AppleGroupingBox.java
/Users/sannies/dev/mp4parser/target/checkout/isoparser/src/main/java/org/mp4parser/boxes/apple/AppleRecordingYearBox.java
/Users/sannies/dev/mp4parser/target/checkout/isoparser/src/main/java/org/mp4parser/boxes/apple/AppleDataReferenceBox.java
/Users/sannies/dev/mp4parser/target/checkout/isoparser/src/main/java/org/mp4parser/boxes/apple/AppleLosslessSpecificBox.java
/Users/sannies/dev/mp4parser/target/checkout/isoparser/src/main/java/org/mp4parser/boxes/apple/AppleGPSCoordinatesBox.java
/Users/sannies/dev/mp4parser/target/checkout/isoparser/src/main/java/org/mp4parser/boxes/apple/AppleLongDescriptionBox.java
/Users/sannies/dev/mp4parser/target/checkout/isoparser/src/main/java/org/mp4parser/boxes/apple/AppleEncoderBox.java
/Users/sannies/dev/mp4parser/target/checkout/isoparser/src/main/java/org/mp4parser/boxes/apple/AppleShortDescriptionBox.java
/Users/sannies/dev/mp4parser/target/checkout/isoparser/src/main/java/org/mp4parser/boxes/apple/Apple_atIDBox.java
/Users/sannies/dev/mp4parser/target/checkout/isoparser/src/main/java/org/mp4parser/boxes/apple/AppleDataBox.java
/Users/sannies/dev/mp4parser/target/checkout/isoparser/src/main/java/org/mp4parser/boxes/oma/OmaDrmAccessUnitFormatBox.java
/Users/sannies/dev/mp4parser/target/checkout/isoparser/src/main/java/org/mp4parser/boxes/sampleentry/SampleEntry.java
/Users/sannies/dev/mp4parser/target/checkout/isoparser/src/main/java/org/mp4parser/boxes/sampleentry/DfxpSampleEntry.java
/Users/sannies/dev/mp4parser/target/checkout/isoparser/src/main/java/org/mp4parser/boxes/sampleentry/MpegSampleEntry.java
/Users/sannies/dev/mp4parser/target/checkout/isoparser/src/main/java/org/mp4parser/boxes/sampleentry/AmrSpecificBox.java
/Users/sannies/dev/mp4parser/target/checkout/isoparser/src/main/java/org/mp4parser/boxes/sampleentry/AudioSampleEntry.java
/Users/sannies/dev/mp4parser/target/checkout/isoparser/src/main/java/org/mp4parser/boxes/sampleentry/VisualSampleEntry.java
/Users/sannies/dev/mp4parser/target/checkout/isoparser/src/main/java/org/mp4parser/boxes/sampleentry/TextSampleEntry.java
/Users/sannies/dev/mp4parser/target/checkout/isoparser/src/main/java/org/mp4parser/boxes/sampleentry/AbstractSampleEntry.java
/Users/sannies/dev/mp4parser/target/checkout/isoparser/src/main/java/org/mp4parser/boxes/sampleentry/Ovc1VisualSampleEntryImpl.java
/Users/sannies/dev/mp4parser/target/checkout/isoparser/src/main/java/org/mp4parser/boxes/iso23001/part7/TrackEncryptionBox.java
/Users/sannies/dev/mp4parser/target/checkout/isoparser/src/main/java/org/mp4parser/boxes/iso23001/part7/SampleEncryptionBox.java
/Users/sannies/dev/mp4parser/target/checkout/isoparser/src/main/java/org/mp4parser/boxes/iso23001/part7/AbstractTrackEncryptionBox.java
/Users/sannies/dev/mp4parser/target/checkout/isoparser/src/main/java/org/mp4parser/boxes/iso23001/part7/CencSampleAuxiliaryDataFormat.java
/Users/sannies/dev/mp4parser/target/checkout/isoparser/src/main/java/org/mp4parser/boxes/iso23001/part7/ProtectionSystemSpecificHeaderBox.java
/Users/sannies/dev/mp4parser/target/checkout/isoparser/src/main/java/org/mp4parser/boxes/iso23001/part7/AbstractSampleEncryptionBox.java
/Users/sannies/dev/mp4parser/target/checkout/isoparser/src/main/java/org/mp4parser/boxes/microsoft/XtraBox.java
/Users/sannies/dev/mp4parser/target/checkout/isoparser/src/main/java/org/mp4parser/boxes/microsoft/TfxdBox.java
/Users/sannies/dev/mp4parser/target/checkout/isoparser/src/main/java/org/mp4parser/boxes/microsoft/PiffTrackEncryptionBox.java
/Users/sannies/dev/mp4parser/target/checkout/isoparser/src/main/java/org/mp4parser/boxes/microsoft/TfrfBox.java
/Users/sannies/dev/mp4parser/target/checkout/isoparser/src/main/java/org/mp4parser/boxes/microsoft/contentprotection/GenericHeader.java
/Users/sannies/dev/mp4parser/target/checkout/isoparser/src/main/java/org/mp4parser/boxes/microsoft/contentprotection/PlayReadyHeader.java
/Users/sannies/dev/mp4parser/target/checkout/isoparser/src/main/java/org/mp4parser/boxes/microsoft/PiffSampleEncryptionBox.java
/Users/sannies/dev/mp4parser/target/checkout/isoparser/src/main/java/org/mp4parser/boxes/microsoft/ProtectionSpecificHeader.java
/Users/sannies/dev/mp4parser/target/checkout/isoparser/src/main/java/org/mp4parser/boxes/microsoft/UuidBasedProtectionSystemSpecificHeaderBox.java
/Users/sannies/dev/mp4parser/target/checkout/isoparser/src/main/java/org/mp4parser/boxes/UserBox.java
/Users/sannies/dev/mp4parser/target/checkout/isoparser/src/main/java/org/mp4parser/boxes/UnknownBox.java
/Users/sannies/dev/mp4parser/target/checkout/isoparser/src/main/java/org/mp4parser/boxes/iso23009/part1/EventMessageBox.java
/Users/sannies/dev/mp4parser/target/checkout/isoparser/src/main/java/org/mp4parser/boxes/webm/ContentLightLevelBox.java
/Users/sannies/dev/mp4parser/target/checkout/isoparser/src/main/java/org/mp4parser/boxes/webm/VPCodecConfigurationBox.java
/Users/sannies/dev/mp4parser/target/checkout/isoparser/src/main/java/org/mp4parser/boxes/webm/SMPTE2086MasteringDisplayMetadataBox.java
/Users/sannies/dev/mp4parser/target/checkout/isoparser/src/main/java/org/mp4parser/boxes/adobe/ActionMessageFormat0SampleEntryBox.java
/Users/sannies/dev/mp4parser/target/checkout/isoparser/src/main/java/org/mp4parser/boxes/dolby/AC3SpecificBox.java
/Users/sannies/dev/mp4parser/target/checkout/isoparser/src/main/java/org/mp4parser/boxes/dolby/EC3SpecificBox.java
/Users/sannies/dev/mp4parser/target/checkout/isoparser/src/main/java/org/mp4parser/boxes/dolby/MLPSpecificBox.java
/Users/sannies/dev/mp4parser/target/checkout/isoparser/src/main/java/org/mp4parser/boxes/dolby/DTSSpecificBox.java
/Users/sannies/dev/mp4parser/target/checkout/isoparser/src/main/java/org/mp4parser/boxes/dolby/DoViConfigurationBox.java
/Users/sannies/dev/mp4parser/target/checkout/isoparser/src/main/java/org/mp4parser/boxes/iso14496/part14/AbstractDescriptorBox.java
/Users/sannies/dev/mp4parser/target/checkout/isoparser/src/main/java/org/mp4parser/boxes/iso14496/part14/ESDescriptorBox.java
/Users/sannies/dev/mp4parser/target/checkout/isoparser/src/main/java/org/mp4parser/boxes/iso14496/part12/MediaInformationBox.java
/Users/sannies/dev/mp4parser/target/checkout/isoparser/src/main/java/org/mp4parser/boxes/iso14496/part12/SampleAuxiliaryInformationOffsetsBox.java
/Users/sannies/dev/mp4parser/target/checkout/isoparser/src/main/java/org/mp4parser/boxes/iso14496/part12/TrackExtendsBox.java
/Users/sannies/dev/mp4parser/target/checkout/isoparser/src/main/java/org/mp4parser/boxes/iso14496/part12/MetaBox.java
/Users/sannies/dev/mp4parser/target/checkout/isoparser/src/main/java/org/mp4parser/boxes/iso14496/part12/SampleAuxiliaryInformationSizesBox.java
/Users/sannies/dev/mp4parser/target/checkout/isoparser/src/main/java/org/mp4parser/boxes/iso14496/part12/MediaDataBox.java
/Users/sannies/dev/mp4parser/target/checkout/isoparser/src/main/java/org/mp4parser/boxes/iso14496/part12/SegmentTypeBox.java
/Users/sannies/dev/mp4parser/target/checkout/isoparser/src/main/java/org/mp4parser/boxes/iso14496/part12/TrackHeaderBox.java
/Users/sannies/dev/mp4parser/target/checkout/isoparser/src/main/java/org/mp4parser/boxes/iso14496/part12/SchemeInformationBox.java
/Users/sannies/dev/mp4parser/target/checkout/isoparser/src/main/java/org/mp4parser/boxes/iso14496/part12/SampleDependencyTypeBox.java
/Users/sannies/dev/mp4parser/target/checkout/isoparser/src/main/java/org/mp4parser/boxes/iso14496/part12/StaticChunkOffsetBox.java
/Users/sannies/dev/mp4parser/target/checkout/isoparser/src/main/java/org/mp4parser/boxes/iso14496/part12/OriginalFormatBox.java
/Users/sannies/dev/mp4parser/target/checkout/isoparser/src/main/java/org/mp4parser/boxes/iso14496/part12/ProgressiveDownloadInformationBox.java
/Users/sannies/dev/mp4parser/target/checkout/isoparser/src/main/java/org/mp4parser/boxes/iso14496/part12/CompositionTimeToSample.java
/Users/sannies/dev/mp4parser/target/checkout/isoparser/src/main/java/org/mp4parser/boxes/iso14496/part12/MovieFragmentHeaderBox.java
/Users/sannies/dev/mp4parser/target/checkout/isoparser/src/main/java/org/mp4parser/boxes/iso14496/part12/FreeSpaceBox.java
/Users/sannies/dev/mp4parser/target/checkout/isoparser/src/main/java/org/mp4parser/boxes/iso14496/part12/DataEntryUrlBox.java
/Users/sannies/dev/mp4parser/target/checkout/isoparser/src/main/java/org/mp4parser/boxes/iso14496/part12/MovieHeaderBox.java
/Users/sannies/dev/mp4parser/target/checkout/isoparser/src/main/java/org/mp4parser/boxes/iso14496/part12/FileTypeBox.java
/Users/sannies/dev/mp4parser/target/checkout/isoparser/src/main/java/org/mp4parser/boxes/iso14496/part12/SyncSampleBox.java
/Users/sannies/dev/mp4parser/target/checkout/isoparser/src/main/java/org/mp4parser/boxes/iso14496/part12/MovieExtendsBox.java
/Users/sannies/dev/mp4parser/target/checkout/isoparser/src/main/java/org/mp4parser/boxes/iso14496/part12/CompositionToDecodeBox.java
/Users/sannies/dev/mp4parser/target/checkout/isoparser/src/main/java/org/mp4parser/boxes/iso14496/part12/SampleSizeBox.java
/Users/sannies/dev/mp4parser/target/checkout/isoparser/src/main/java/org/mp4parser/boxes/iso14496/part12/SchemeTypeBox.java
/Users/sannies/dev/mp4parser/target/checkout/isoparser/src/main/java/org/mp4parser/boxes/iso14496/part12/DataEntryUrnBox.java
/Users/sannies/dev/mp4parser/target/checkout/isoparser/src/main/java/org/mp4parser/boxes/iso14496/part12/MovieBox.java
/Users/sannies/dev/mp4parser/target/checkout/isoparser/src/main/java/org/mp4parser/boxes/iso14496/part12/SegmentIndexBox.java
/Users/sannies/dev/mp4parser/target/checkout/isoparser/src/main/java/org/mp4parser/boxes/iso14496/part12/MediaHeaderBox.java
/Users/sannies/dev/mp4parser/target/checkout/isoparser/src/main/java/org/mp4parser/boxes/iso14496/part12/VideoMediaHeaderBox.java
/Users/sannies/dev/mp4parser/target/checkout/isoparser/src/main/java/org/mp4parser/boxes/iso14496/part12/DataInformationBox.java
/Users/sannies/dev/mp4parser/target/checkout/isoparser/src/main/java/org/mp4parser/boxes/iso14496/part12/SoundMediaHeaderBox.java
/Users/sannies/dev/mp4parser/target/checkout/isoparser/src/main/java/org/mp4parser/boxes/iso14496/part12/SampleToChunkBox.java
/Users/sannies/dev/mp4parser/target/checkout/isoparser/src/main/java/org/mp4parser/boxes/iso14496/part12/FreeBox.java
/Users/sannies/dev/mp4parser/target/checkout/isoparser/src/main/java/org/mp4parser/boxes/iso14496/part12/SampleDescriptionBox.java
/Users/sannies/dev/mp4parser/target/checkout/isoparser/src/main/java/org/mp4parser/boxes/iso14496/part12/ChunkOffset64BitBox.java
/Users/sannies/dev/mp4parser/target/checkout/isoparser/src/main/java/org/mp4parser/boxes/iso14496/part12/ItemDataBox.java
/Users/sannies/dev/mp4parser/target/checkout/isoparser/src/main/java/org/mp4parser/boxes/iso14496/part12/EditListBox.java
/Users/sannies/dev/mp4parser/target/checkout/isoparser/src/main/java/org/mp4parser/boxes/iso14496/part12/HintSampleEntry.java
/Users/sannies/dev/mp4parser/target/checkout/isoparser/src/main/java/org/mp4parser/boxes/iso14496/part12/MovieFragmentRandomAccessBox.java
/Users/sannies/dev/mp4parser/target/checkout/isoparser/src/main/java/org/mp4parser/boxes/iso14496/part12/ItemLocationBox.java
/Users/sannies/dev/mp4parser/target/checkout/isoparser/src/main/java/org/mp4parser/boxes/iso14496/part12/DataReferenceBox.java
/Users/sannies/dev/mp4parser/target/checkout/isoparser/src/main/java/org/mp4parser/boxes/iso14496/part12/ProtectionSchemeInformationBox.java
/Users/sannies/dev/mp4parser/target/checkout/isoparser/src/main/java/org/mp4parser/boxes/iso14496/part12/TrackRunBox.java
/Users/sannies/dev/mp4parser/target/checkout/isoparser/src/main/java/org/mp4parser/boxes/iso14496/part12/MovieFragmentRandomAccessOffsetBox.java
/Users/sannies/dev/mp4parser/target/checkout/isoparser/src/main/java/org/mp4parser/boxes/iso14496/part12/SampleTableBox.java
/Users/sannies/dev/mp4parser/target/checkout/isoparser/src/main/java/org/mp4parser/boxes/iso14496/part12/ChunkOffsetBox.java
/Users/sannies/dev/mp4parser/target/checkout/isoparser/src/main/java/org/mp4parser/boxes/iso14496/part12/NullMediaHeaderBox.java
/Users/sannies/dev/mp4parser/target/checkout/isoparser/src/main/java/org/mp4parser/boxes/iso14496/part12/SubSampleInformationBox.java
/Users/sannies/dev/mp4parser/target/checkout/isoparser/src/main/java/org/mp4parser/boxes/iso14496/part12/MediaBox.java
/Users/sannies/dev/mp4parser/target/checkout/isoparser/src/main/java/org/mp4parser/boxes/iso14496/part12/MovieExtendsHeaderBox.java
/Users/sannies/dev/mp4parser/target/checkout/isoparser/src/main/java/org/mp4parser/boxes/iso14496/part12/TrackFragmentHeaderBox.java
/Users/sannies/dev/mp4parser/target/checkout/isoparser/src/main/java/org/mp4parser/boxes/iso14496/part12/TrackReferenceBox.java
/Users/sannies/dev/mp4parser/target/checkout/isoparser/src/main/java/org/mp4parser/boxes/iso14496/part12/TrackFragmentRandomAccessBox.java
/Users/sannies/dev/mp4parser/target/checkout/isoparser/src/main/java/org/mp4parser/boxes/iso14496/part12/TimeToSampleBox.java
/Users/sannies/dev/mp4parser/target/checkout/isoparser/src/main/java/org/mp4parser/boxes/iso14496/part12/XmlBox.java
/Users/sannies/dev/mp4parser/target/checkout/isoparser/src/main/java/org/mp4parser/boxes/iso14496/part12/UserDataBox.java
/Users/sannies/dev/mp4parser/target/checkout/isoparser/src/main/java/org/mp4parser/boxes/iso14496/part12/HintMediaHeaderBox.java
/Users/sannies/dev/mp4parser/target/checkout/isoparser/src/main/java/org/mp4parser/boxes/iso14496/part12/HandlerBox.java
/Users/sannies/dev/mp4parser/target/checkout/isoparser/src/main/java/org/mp4parser/boxes/iso14496/part12/TrackReferenceTypeBox.java
/Users/sannies/dev/mp4parser/target/checkout/isoparser/src/main/java/org/mp4parser/boxes/iso14496/part12/BitRateBox.java
/Users/sannies/dev/mp4parser/target/checkout/isoparser/src/main/java/org/mp4parser/boxes/iso14496/part12/SubtitleMediaHeaderBox.java
/Users/sannies/dev/mp4parser/target/checkout/isoparser/src/main/java/org/mp4parser/boxes/iso14496/part12/AbstractMediaHeaderBox.java
/Users/sannies/dev/mp4parser/target/checkout/isoparser/src/main/java/org/mp4parser/boxes/iso14496/part12/DegradationPriorityBox.java
/Users/sannies/dev/mp4parser/target/checkout/isoparser/src/main/java/org/mp4parser/boxes/iso14496/part12/TrackBox.java
/Users/sannies/dev/mp4parser/target/checkout/isoparser/src/main/java/org/mp4parser/boxes/iso14496/part12/TrackFragmentBaseMediaDecodeTimeBox.java
/Users/sannies/dev/mp4parser/target/checkout/isoparser/src/main/java/org/mp4parser/boxes/iso14496/part12/MovieFragmentBox.java
/Users/sannies/dev/mp4parser/target/checkout/isoparser/src/main/java/org/mp4parser/boxes/iso14496/part12/SampleFlags.java
/Users/sannies/dev/mp4parser/target/checkout/isoparser/src/main/java/org/mp4parser/boxes/iso14496/part12/TrackFragmentBox.java
/Users/sannies/dev/mp4parser/target/checkout/isoparser/src/main/java/org/mp4parser/boxes/iso14496/part12/ItemProtectionBox.java
/Users/sannies/dev/mp4parser/target/checkout/isoparser/src/main/java/org/mp4parser/boxes/iso14496/part12/EditBox.java
/Users/sannies/dev/mp4parser/target/checkout/isoparser/src/main/java/org/mp4parser/boxes/iso14496/part15/TemporalSubLayerSampleGroup.java
/Users/sannies/dev/mp4parser/target/checkout/isoparser/src/main/java/org/mp4parser/boxes/iso14496/part15/AvcConfigurationBox.java
/Users/sannies/dev/mp4parser/target/checkout/isoparser/src/main/java/org/mp4parser/boxes/iso14496/part15/PriotityRangeBox.java
/Users/sannies/dev/mp4parser/target/checkout/isoparser/src/main/java/org/mp4parser/boxes/iso14496/part15/TierInfoBox.java
/Users/sannies/dev/mp4parser/target/checkout/isoparser/src/main/java/org/mp4parser/boxes/iso14496/part15/AvcDecoderConfigurationRecord.java
/Users/sannies/dev/mp4parser/target/checkout/isoparser/src/main/java/org/mp4parser/boxes/iso14496/part15/StepwiseTemporalLayerEntry.java
/Users/sannies/dev/mp4parser/target/checkout/isoparser/src/main/java/org/mp4parser/boxes/iso14496/part15/TemporalLayerSampleGroup.java
/Users/sannies/dev/mp4parser/target/checkout/isoparser/src/main/java/org/mp4parser/boxes/iso14496/part15/HevcConfigurationBox.java
/Users/sannies/dev/mp4parser/target/checkout/isoparser/src/main/java/org/mp4parser/boxes/iso14496/part15/HevcDecoderConfigurationRecord.java
/Users/sannies/dev/mp4parser/target/checkout/isoparser/src/main/java/org/mp4parser/boxes/iso14496/part15/TierBitRateBox.java
/Users/sannies/dev/mp4parser/target/checkout/isoparser/src/main/java/org/mp4parser/boxes/iso14496/part15/SyncSampleEntry.java
/Users/sannies/dev/mp4parser/target/checkout/isoparser/src/main/java/org/mp4parser/boxes/iso14496/part30/WebVTTSourceLabelBox.java
/Users/sannies/dev/mp4parser/target/checkout/isoparser/src/main/java/org/mp4parser/boxes/iso14496/part30/WebVTTConfigurationBox.java
/Users/sannies/dev/mp4parser/target/checkout/isoparser/src/main/java/org/mp4parser/boxes/iso14496/part30/XMLSubtitleSampleEntry.java
/Users/sannies/dev/mp4parser/target/checkout/isoparser/src/main/java/org/mp4parser/boxes/iso14496/part30/WebVTTSampleEntry.java
/Users/sannies/dev/mp4parser/target/checkout/isoparser/src/main/java/org/mp4parser/boxes/iso14496/part1/objectdescriptors/ObjectDescriptorBase.java
/Users/sannies/dev/mp4parser/target/checkout/isoparser/src/main/java/org/mp4parser/boxes/iso14496/part1/objectdescriptors/BaseDescriptor.java
/Users/sannies/dev/mp4parser/target/checkout/isoparser/src/main/java/org/mp4parser/boxes/iso14496/part1/objectdescriptors/DecoderConfigDescriptor.java
/Users/sannies/dev/mp4parser/target/checkout/isoparser/src/main/java/org/mp4parser/boxes/iso14496/part1/objectdescriptors/ESDescriptor.java
/Users/sannies/dev/mp4parser/target/checkout/isoparser/src/main/java/org/mp4parser/boxes/iso14496/part1/objectdescriptors/ProfileLevelIndicationDescriptor.java
/Users/sannies/dev/mp4parser/target/checkout/isoparser/src/main/java/org/mp4parser/boxes/iso14496/part1/objectdescriptors/AudioSpecificConfig.java
/Users/sannies/dev/mp4parser/target/checkout/isoparser/src/main/java/org/mp4parser/boxes/iso14496/part1/objectdescriptors/Descriptor.java
/Users/sannies/dev/mp4parser/target/checkout/isoparser/src/main/java/org/mp4parser/boxes/iso14496/part1/objectdescriptors/SLConfigDescriptor.java
/Users/sannies/dev/mp4parser/target/checkout/isoparser/src/main/java/org/mp4parser/boxes/iso14496/part1/objectdescriptors/UnknownDescriptor.java
/Users/sannies/dev/mp4parser/target/checkout/isoparser/src/main/java/org/mp4parser/boxes/iso14496/part1/objectdescriptors/ObjectDescriptorFactory.java
/Users/sannies/dev/mp4parser/target/checkout/isoparser/src/main/java/org/mp4parser/boxes/iso14496/part1/objectdescriptors/InitialObjectDescriptor.java
/Users/sannies/dev/mp4parser/target/checkout/isoparser/src/main/java/org/mp4parser/boxes/iso14496/part1/objectdescriptors/ExtensionDescriptor.java
/Users/sannies/dev/mp4parser/target/checkout/isoparser/src/main/java/org/mp4parser/boxes/iso14496/part1/objectdescriptors/BitWriterBuffer.java
/Users/sannies/dev/mp4parser/target/checkout/isoparser/src/main/java/org/mp4parser/boxes/iso14496/part1/objectdescriptors/ExtensionProfileLevelDescriptor.java
/Users/sannies/dev/mp4parser/target/checkout/isoparser/src/main/java/org/mp4parser/boxes/iso14496/part1/objectdescriptors/DecoderSpecificInfo.java
/Users/sannies/dev/mp4parser/target/checkout/isoparser/src/main/java/org/mp4parser/boxes/iso14496/part1/objectdescriptors/BitReaderBuffer.java
/Users/sannies/dev/mp4parser/target/checkout/isoparser/src/main/java/org/mp4parser/boxes/samplegrouping/GroupEntry.java
/Users/sannies/dev/mp4parser/target/checkout/isoparser/src/main/java/org/mp4parser/boxes/samplegrouping/VisualRandomAccessEntry.java
/Users/sannies/dev/mp4parser/target/checkout/isoparser/src/main/java/org/mp4parser/boxes/samplegrouping/UnknownEntry.java
/Users/sannies/dev/mp4parser/target/checkout/isoparser/src/main/java/org/mp4parser/boxes/samplegrouping/SampleGroupDescriptionBox.java
/Users/sannies/dev/mp4parser/target/checkout/isoparser/src/main/java/org/mp4parser/boxes/samplegrouping/RateShareEntry.java
/Users/sannies/dev/mp4parser/target/checkout/isoparser/src/main/java/org/mp4parser/boxes/samplegrouping/RollRecoveryEntry.java
/Users/sannies/dev/mp4parser/target/checkout/isoparser/src/main/java/org/mp4parser/boxes/samplegrouping/TemporalLevelEntry.java
/Users/sannies/dev/mp4parser/target/checkout/isoparser/src/main/java/org/mp4parser/boxes/samplegrouping/SampleToGroupBox.java
/Users/sannies/dev/mp4parser/target/checkout/isoparser/src/main/java/org/mp4parser/boxes/threegpp/ts26244/RecordingYearBox.java
/Users/sannies/dev/mp4parser/target/checkout/isoparser/src/main/java/org/mp4parser/boxes/threegpp/ts26244/DescriptionBox.java
/Users/sannies/dev/mp4parser/target/checkout/isoparser/src/main/java/org/mp4parser/boxes/threegpp/ts26244/PerformerBox.java
/Users/sannies/dev/mp4parser/target/checkout/isoparser/src/main/java/org/mp4parser/boxes/threegpp/ts26244/AuthorBox.java
/Users/sannies/dev/mp4parser/target/checkout/isoparser/src/main/java/org/mp4parser/boxes/threegpp/ts26244/AlbumBox.java
/Users/sannies/dev/mp4parser/target/checkout/isoparser/src/main/java/org/mp4parser/boxes/threegpp/ts26244/KeywordsBox.java
/Users/sannies/dev/mp4parser/target/checkout/isoparser/src/main/java/org/mp4parser/boxes/threegpp/ts26244/LocationInformationBox.java
/Users/sannies/dev/mp4parser/target/checkout/isoparser/src/main/java/org/mp4parser/boxes/threegpp/ts26244/RatingBox.java
/Users/sannies/dev/mp4parser/target/checkout/isoparser/src/main/java/org/mp4parser/boxes/threegpp/ts26244/TitleBox.java
/Users/sannies/dev/mp4parser/target/checkout/isoparser/src/main/java/org/mp4parser/boxes/threegpp/ts26244/GenreBox.java
/Users/sannies/dev/mp4parser/target/checkout/isoparser/src/main/java/org/mp4parser/boxes/threegpp/ts26244/ClassificationBox.java
/Users/sannies/dev/mp4parser/target/checkout/isoparser/src/main/java/org/mp4parser/boxes/threegpp/ts26244/CopyrightBox.java
/Users/sannies/dev/mp4parser/target/checkout/isoparser/src/main/java/org/mp4parser/boxes/threegpp/ts26245/FontTableBox.java
/Users/sannies/dev/mp4parser/target/checkout/isoparser/src/main/java/org/mp4parser/boxes/dece/BaseLocationBox.java
/Users/sannies/dev/mp4parser/target/checkout/isoparser/src/main/java/org/mp4parser/boxes/dece/ContentInformationBox.java
/Users/sannies/dev/mp4parser/target/checkout/isoparser/src/main/java/org/mp4parser/boxes/dece/TrickPlayBox.java
/Users/sannies/dev/mp4parser/target/checkout/isoparser/src/main/java/org/mp4parser/boxes/dece/AvcNalUnitStorageBox.java
/Users/sannies/dev/mp4parser/target/checkout/isoparser/src/main/java/org/mp4parser/boxes/dece/AssetInformationBox.java
--module-path
/Users/sannies/dev/mp4parser/target/checkout/isoparser/target/alternateLocation/slf4-api.jar
